// Jest Snapshot v1, https://goo.gl/fbAQLP

exports[`App component renders App 1`] = `
<DocumentFragment>
  <img
    alt="spinning globe"
    class="Loading"
    src="https://media1.giphy.com/media/QNFk30fVrNtJWzs7o2/giphy.gif"
  />
</DocumentFragment>
`;
