// Jest Snapshot v1, https://goo.gl/fbAQLP

exports[`Article component renders Article 1`] = `
<DocumentFragment>
  <span>
    Test Source
  </span>
  <span>
    Test Title
  </span>
  <span>
    Test Author
  </span>
  <div>
    Test Content
  </div>
</DocumentFragment>
`;
